{
  "converters": [],
  "typeInfoResolver": null,
  "typeInfoResolverChain": [],
  "allowOutOfOrderMetadataProperties": false,
  "allowTrailingCommas": false,
  "defaultBufferSize": 16384,
  "encoder": null,
  "dictionaryKeyPolicy": null,
  "ignoreNullValues": false,
  "defaultIgnoreCondition": 0,
  "numberHandling": 1,
  "preferredObjectCreationHandling": 0,
  "ignoreReadOnlyProperties": false,
  "ignoreReadOnlyFields": false,
  "includeFields": false,
  "maxDepth": 0,
  "propertyNamingPolicy": {},
  "propertyNameCaseInsensitive": true,
  "readCommentHandling": 0,
  "unknownTypeHandling": 0,
  "unmappedMemberHandling": 0,
  "writeIndented": false,
  "indentCharacter": " ",
  "indentSize": 2,
  "referenceHandler": null,
  "newLine": "\r\n",
  "respectNullableAnnotations": false,
  "respectRequiredConstructorParameters": false,
  "isReadOnly": false
}